Microchip MPLAB XC8 Compiler V1.37 ()

Linker command line:

--edf=/opt/microchip/xc8/v1.37/dat/en_msgs.txt -cs \
  -h+dist/default/debug/bikeSpeedoMeterC_version.X.debug.sym \
  --cmf=dist/default/debug/bikeSpeedoMeterC_version.X.debug.cmf -z -Q16F88 \
  -o/tmp/xcXmFqjih \
  -Mdist/default/debug/bikeSpeedoMeterC_version.X.debug.map -E1 -ver=XC8 \
  -ASTACK=0110h-016fh -pstack=STACK -ACODE=00h-07FFhx2 -ASTRCODE=00h-0FFFh \
  -ASTRING=00h-0FFhx16 -ACONST=00h-0FFhx16 -AENTRY=00h-0FFhx16 \
  -ACOMMON=070h-07Fh -ABANK0=020h-06Fh -ABANK1=0A0h-0EFh \
  -ABANK2=0110h-016Fh -ABANK3=0190h-01EFh \
  -ARAM=020h-06Fh,0A0h-0EFh,0110h-016Fh,0190h-01EFh \
  -AABS1=020h-07Fh,0A0h-0EFh,0110h-016Fh,0190h-01EFh -ASFR0=00h-01Fh \
  -ASFR1=080h-09Fh -ASFR2=0100h-010Fh -ASFR3=0180h-018Fh \
  -preset_vec=00h,intentry=04h,init,end_init -ppowerup=CODE -pcinit=CODE \
  -pfunctab=CODE -ACONFIG=02007h-02008h -pconfig=CONFIG -DCONFIG=2 \
  -AIDLOC=02000h-02003h -pidloc=IDLOC -DIDLOC=2 -AEEDATA=00h-0FFh/02100h \
  -peeprom_data=EEDATA -DEEDATA=2 -DCODE=2 -DSTRCODE=2 -DSTRING=2 -DCONST=2 \
  -DENTRY=2 -k /tmp/xcXUpPlq5.obj \
  dist/default/debug/bikeSpeedoMeterC_version.X.debug.obj 

Object code version is 3.11

Machine type is 16F88



                Name                               Link     Load   Length Selector   Space Scale
/tmp/xcXUpPlq5.obj
                end_init                             11       11        2        8       0
                reset_vec                             0        0        2        0       0
                config                             2007     2007        2     400E       0
dist/default/debug/bikeSpeedoMeterC_version.X.debug.obj
                cinit                                13       13       1D        8       0
                intentry                              4        4        D        8       0
                text3                                30       30       2B        8       0
                text2                                9B       9B        F        8       0
                text1                                8B       8B       10        8       0
                maintext                             5B       5B       20        8       0
                cstackBANK0                          30       30        3       20       1
                cstackCOMMON                         70       70        6       70       1
                inittext                             7B       7B       10        8       0
                dataBANK0                            20       20        A       20       1
                bssBANK0                             2A       2A        6       20       1
                dataCOMMON                           7B       7B        1       70       1
                bssCOMMON                            76       76        5       70       1
                idataBANK0                           AA       AA        A        8       0
                idataCOMMON                          B4       B4        1        8       0

TOTAL           Name                               Link     Load   Length     Space
        CLASS   STACK          

        CLASS   CODE           
                end_init                             11       11        2         0
                cinit                                13       13       1D         0
                intentry                              4        4        D         0
                reset_vec                             0        0        2         0
                text3                                30       30       2B         0
                text2                                9B       9B        F         0
                text1                                8B       8B       10         0
                maintext                             5B       5B       20         0
                inittext                             7B       7B       10         0
                idataBANK0                           AA       AA        A         0
                idataCOMMON                          B4       B4        1         0

        CLASS   STRCODE        

        CLASS   STRING         

        CLASS   CONST          

        CLASS   ENTRY          

        CLASS   COMMON         
                cstackCOMMON                         70       70        6         1
                dataCOMMON                           7B       7B        1         1
                bssCOMMON                            76       76        5         1

        CLASS   BANK0          
                cstackBANK0                          30       30        3         1
                dataBANK0                            20       20        A         1
                bssBANK0                             2A       2A        6         1

        CLASS   BANK1          

        CLASS   BANK2          

        CLASS   BANK3          

        CLASS   RAM            

        CLASS   ABS1           
                abs_s1                               7E       7E        2         1

        CLASS   SFR0           

        CLASS   SFR1           

        CLASS   SFR2           

        CLASS   SFR3           

        CLASS   CONFIG         
                config                             2007     2007        2         0

        CLASS   IDLOC          

        CLASS   EEDATA         



SEGMENTS        Name                           Load    Length   Top    Selector   Space  Class     Delta

                reset_vec                      000000  000002  000002         0       0  CODE        2
                intentry                       000004  0000B1  0000B5         8       0  CODE        2
                dataBANK0                      000020  000013  000033        20       1  BANK0       1
                cstackCOMMON                   000070  00000C  00007C        70       1  COMMON      1
                config                         002007  000002  002009      400E       0  CONFIG      2


UNUSED ADDRESS RANGES

        Name                Unused          Largest block    Delta
        BANK0            0033-006F             3D           1
        BANK1            00A0-00EF             50           1
        BANK2            0110-016F             60           1
        BANK3            0190-01EF             60           1
        CODE             0002-0003              2           2
                         00B5-0FFF            74B
        COMMON           007C-007D              2           1
        CONST            0002-0003              2           2
                         00B5-0FFF            100
        EEDATA           2100-21FF            100           2
        ENTRY            0002-0003              2           2
                         00B5-0FFF            100
        IDLOC            2000-2003              4           2
        RAM              0033-006F             3D           1
                         00A0-00EF             50
                         0110-016F             60
                         0190-01EF             60
        SFR0             0000-001F             20           1
        SFR1             0080-009F             20           1
        SFR2             0100-010F             10           1
        SFR3             0180-018F             10           1
        STACK            0110-016F             60           1
        STRCODE          0002-0003              2           2
                         00B5-0FFF            F4B
        STRING           0002-0003              2           2
                         00B5-0FFF            100

                                  Symbol Table

_ANSEL                        (abs)        009B
_INTCON                       (abs)        000B
_INTCONbits                   (abs)        000B
_OPTION_REG                   (abs)        0081
_OSCCON                       (abs)        008F
_PORTAbits                    (abs)        0005
_PORTB                        (abs)        0006
_PORTBbits                    (abs)        0006
_TRISA                        (abs)        0085
_TRISAbits                    (abs)        0085
_TRISB                        (abs)        0086
__CFG_BOREN$ON                (abs)        0000
__CFG_CCPMX$RB0               (abs)        0000
__CFG_CP$OFF                  (abs)        0000
__CFG_CPD$OFF                 (abs)        0000
__CFG_FCMEN$ON                (abs)        0000
__CFG_FOSC$INTOSCCLK          (abs)        0000
__CFG_IESO$ON                 (abs)        0000
__CFG_LVP$ON                  (abs)        0000
__CFG_MCLRE$OFF               (abs)        0000
__CFG_PWRTE$ON                (abs)        0000
__CFG_WDTE$OFF                (abs)        0000
__CFG_WRT$OFF                 (abs)        0000
__Habs1                       abs1         0000
__Hbank0                      bank0        0000
__Hbank1                      bank1        0000
__Hbank2                      bank2        0000
__Hbank3                      bank3        0000
__HbssBANK0                   bssBANK0     0000
__HbssCOMMON                  bssCOMMON    0000
__Hcinit                      cinit        0030
__Hclrtext                    clrtext      0000
__Hcode                       code         0000
__Hcommon                     common       0000
__Hconfig                     config       2009
__HcstackBANK0                cstackBANK0  0000
__HcstackCOMMON               cstackCOMMON 0000
__HdataBANK0                  dataBANK0    0000
__HdataCOMMON                 dataCOMMON   0000
__Heeprom_data                eeprom_data  0000
__Hend_init                   end_init     0013
__Hfunctab                    functab      0000
__HidataBANK0                 idataBANK0   0000
__HidataCOMMON                idataCOMMON  0000
__Hidloc                      idloc        0000
__Hinit                       init         0011
__Hinittext                   inittext     0000
__Hintentry                   intentry     0011
__Hmaintext                   maintext     0000
__Hpowerup                    powerup      0000
__Hram                        ram          0000
__Hreset_vec                  reset_vec    0002
__Hsfr0                       sfr0         0000
__Hsfr1                       sfr1         0000
__Hsfr2                       sfr2         0000
__Hsfr3                       sfr3         0000
__Hspace_0                    (abs)        2009
__Hspace_1                    (abs)        007C
__Hspace_2                    (abs)        0000
__Hspace_3                    (abs)        0000
__Hstack                      stack        0000
__Hstrings                    strings      0000
__Htext                       text         0000
__Labs1                       abs1         0000
__Lbank0                      bank0        0000
__Lbank1                      bank1        0000
__Lbank2                      bank2        0000
__Lbank3                      bank3        0000
__LbssBANK0                   bssBANK0     0000
__LbssCOMMON                  bssCOMMON    0000
__Lcinit                      cinit        0013
__Lclrtext                    clrtext      0000
__Lcode                       code         0000
__Lcommon                     common       0000
__Lconfig                     config       2007
__LcstackBANK0                cstackBANK0  0000
__LcstackCOMMON               cstackCOMMON 0000
__LdataBANK0                  dataBANK0    0000
__LdataCOMMON                 dataCOMMON   0000
__Leeprom_data                eeprom_data  0000
__Lend_init                   end_init     0011
__Lfunctab                    functab      0000
__LidataBANK0                 idataBANK0   0000
__LidataCOMMON                idataCOMMON  0000
__Lidloc                      idloc        0000
__Linit                       init         0011
__Linittext                   inittext     0000
__Lintentry                   intentry     0004
__Lmaintext                   maintext     0000
__Lpowerup                    powerup      0000
__Lram                        ram          0000
__Lreset_vec                  reset_vec    0000
__Lsfr0                       sfr0         0000
__Lsfr1                       sfr1         0000
__Lsfr2                       sfr2         0000
__Lsfr3                       sfr3         0000
__Lspace_0                    (abs)        0000
__Lspace_1                    (abs)        0000
__Lspace_2                    (abs)        0000
__Lspace_3                    (abs)        0000
__Lstack                      stack        0000
__Lstrings                    strings      0000
__Ltext                       text         0000
__S0                          (abs)        2009
__S1                          (abs)        007C
__S2                          (abs)        0000
__S3                          (abs)        0000
___int_sp                     stack        0000
___latbits                    (abs)        0001
___sp                         stack        0000
__end_of__initialization      cinit        002D
__end_of_bres_count_int       text3        005B
__end_of_getSevenSegmentNode  text2        00AA
__end_of_main                 maintext     007B
__end_of_system_init          text1        009B
__initialization              cinit        0013
__pbssBANK0                   bssBANK0     002A
__pbssCOMMON                  bssCOMMON    0076
__pcstackBANK0                cstackBANK0  0030
__pcstackCOMMON               cstackCOMMON 0070
__pdataBANK0                  dataBANK0    0020
__pdataCOMMON                 dataCOMMON   007B
__pidataBANK0                 idataBANK0   00AA
__pidataCOMMON                idataCOMMON  00B4
__pintentry                   intentry     0004
__pmaintext                   maintext     005B
__ptext1                      text1        008B
__ptext2                      text2        009B
__ptext3                      text3        0030
__size_of_bres_count_int      (abs)        0000
__size_of_getSevenSegmentNode (abs)        0000
__size_of_main                (abs)        0000
__size_of_system_init         (abs)        0000
_b_count                      bssCOMMON    0076
_bres_count_int               text3        0030
_getSevenSegmentNode          text2        009B
_lookup_table                 dataBANK0    0020
_main                         maintext     005B
_system_init                  text1        008B
_tuning                       bssCOMMON    007A
_wheel_count                  bssBANK0     002E
btemp                         (abs)        007E
end_of_initialization         cinit        002D
getSevenSegmentNode@bcd       cstackBANK0  0030
init_fetch0                   inittext     007B
init_ram0                     inittext     007F
interrupt_function            intentry     0004
intlevel0                     functab      0000
intlevel1                     functab      0000
intlevel2                     functab      0000
intlevel3                     functab      0000
intlevel4                     functab      0000
intlevel5                     functab      0000
ltemp                         (abs)        007E
ltemp0                        (abs)        007E
ltemp1                        (abs)        0082
ltemp2                        (abs)        0086
ltemp3                        (abs)        0080
main@value                    cstackBANK0  0032
reset_vec                     reset_vec    0000
saved_w                       (abs)        007E
stackhi                       (abs)        0000
stacklo                       (abs)        0000
start                         init         0011
start_initialization          cinit        0013
ttemp                         (abs)        007E
ttemp0                        (abs)        007E
ttemp1                        (abs)        0081
ttemp2                        (abs)        0084
ttemp3                        (abs)        0087
ttemp4                        (abs)        007F
wtemp                         (abs)        007E
wtemp0                        (abs)        007E
wtemp1                        (abs)        0080
wtemp2                        (abs)        0082
wtemp3                        (abs)        0084
wtemp4                        (abs)        0086
wtemp5                        (abs)        0088
wtemp6                        (abs)        007F


FUNCTION INFORMATION:

 *************** function _main *****************
 Defined at:
		line 78 in file "main.c"
 Parameters:    Size  Location     Type
		None
 Auto vars:     Size  Location     Type
  value           1    2[BANK0 ] unsigned char 
 Return value:  Size  Location     Type
                  1    wreg      void 
 Registers used:
		wreg, fsr0l, fsr0h, status,2, status,0, pclath, cstack
 Tracked objects:
		On entry : 
		On exit  : 
		Unchanged: 
 Data sizes:     COMMON   BANK0   BANK1   BANK3   BANK2
      Params:         0       0       0       0       0
      Locals:         0       1       0       0       0
      Temps:          0       1       0       0       0
      Totals:         0       2       0       0       0
Total ram usage:        2 bytes
 Hardware stack levels required when called:    2
 This function calls:
		_getSevenSegmentNode
		_system_init
 This function is called by:
		Startup code after reset
 This function uses a non-reentrant model


 *************** function _system_init *****************
 Defined at:
		line 11 in file "setuppic.c"
 Parameters:    Size  Location     Type
		None
 Auto vars:     Size  Location     Type
		None
 Return value:  Size  Location     Type
                  1    wreg      void 
 Registers used:
		wreg, status,2
 Tracked objects:
		On entry : 
		On exit  : 
		Unchanged: 
 Data sizes:     COMMON   BANK0   BANK1   BANK3   BANK2
      Params:         0       0       0       0       0
      Locals:         0       0       0       0       0
      Temps:          0       0       0       0       0
      Totals:         0       0       0       0       0
Total ram usage:        0 bytes
 Hardware stack levels used:    1
 Hardware stack levels required when called:    1
 This function calls:
		Nothing
 This function is called by:
		_main
 This function uses a non-reentrant model


 *************** function _getSevenSegmentNode *****************
 Defined at:
		line 15 in file "displayUtils.c"
 Parameters:    Size  Location     Type
  bcd             1    wreg     unsigned char 
 Auto vars:     Size  Location     Type
  bcd             1    0[BANK0 ] unsigned char 
 Return value:  Size  Location     Type
                  1    wreg      unsigned char 
 Registers used:
		wreg, fsr0l, fsr0h, status,2, status,0
 Tracked objects:
		On entry : 
		On exit  : 
		Unchanged: 
 Data sizes:     COMMON   BANK0   BANK1   BANK3   BANK2
      Params:         0       0       0       0       0
      Locals:         0       1       0       0       0
      Temps:          0       0       0       0       0
      Totals:         0       1       0       0       0
Total ram usage:        1 bytes
 Hardware stack levels used:    1
 Hardware stack levels required when called:    1
 This function calls:
		Nothing
 This function is called by:
		_main
		_updateDisplay
 This function uses a non-reentrant model


 *************** function _bres_count_int *****************
 Defined at:
		line 47 in file "main.c"
 Parameters:    Size  Location     Type
		None
 Auto vars:     Size  Location     Type
		None
 Return value:  Size  Location     Type
                  1    wreg      void 
 Registers used:
		wreg, status,2
 Tracked objects:
		On entry : 
		On exit  : 
		Unchanged: 
 Data sizes:     COMMON   BANK0   BANK1   BANK3   BANK2
      Params:         0       0       0       0       0
      Locals:         0       0       0       0       0
      Temps:          6       0       0       0       0
      Totals:         6       0       0       0       0
Total ram usage:        6 bytes
 Hardware stack levels used:    1
 This function calls:
		Nothing
 This function is called by:
		Interrupt level 1
 This function uses a non-reentrant model



MODULE INFORMATION

Module		Function		Class		Link	Load	Size
setuppic.c
		_system_init   		CODE           	008B	0000	17

setuppic.c estimated size: 17

shared
		__initialization		CODE           	0013	0000	27

shared estimated size: 27

displayUtils.c
		_getSevenSegmentNode		CODE           	009B	0000	16

displayUtils.c estimated size: 16

main.c
		_main          		CODE           	005B	0000	33
		_bres_count_int		CODE           	0030	0000	44

main.c estimated size: 77

